// Jest Snapshot v1, https://goo.gl/fbAQLP

exports[`Login tests should render just fine 1`] = `
Array [
  <RCTScrollView>
    <View>
      <RCTScrollView
        automaticallyAdjustContentInsets={false}
        contentContainerStyle={
          Object {
            "backgroundColor": "#fff",
            "flex": 1,
          }
        }
        contentInset={
          Object {
            "bottom": 0,
          }
        }
        enableAutomaticScroll={true}
        enableOnAndroid={false}
        enableResetScrollToCoords={true}
        extraHeight={75}
        extraScrollHeight={0}
        getScrollResponder={[Function]}
        handleOnScroll={[Function]}
        keyboardDismissMode="on-drag"
        keyboardOpeningTime={250}
        keyboardSpace={0}
        onScroll={[Function]}
        resetKeyboardSpace={[Function]}
        scrollEventThrottle={1}
        scrollForExtraHeightOnAndroid={[Function]}
        scrollIntoView={[Function]}
        scrollToEnd={[Function]}
        scrollToFocusedInput={[Function]}
        scrollToPosition={[Function]}
        showsVerticalScrollIndicator={true}
        testID="Login"
        update={[Function]}
        viewIsInsideTabBar={false}
      >
        <View>
          <View
            style={
              Object {
                "height": 185,
              }
            }
          >
            <View
              style={
                Array [
                  Object {
                    "overflow": "hidden",
                  },
                  Object {
                    "height": "100%",
                    "width": "100%",
                  },
                ]
              }
            >
              <FastImageView
                resizeMode="cover"
                source={null}
                style={
                  Object {
                    "bottom": 0,
                    "left": 0,
                    "position": "absolute",
                    "right": 0,
                    "top": 0,
                  }
                }
              />
            </View>
          </View>
          <View
            style={
              Array [
                Object {
                  "paddingBottom": 8,
                  "paddingHorizontal": 20,
                },
                Object {
                  "flex": 1,
                  "justifyContent": "space-between",
                },
              ]
            }
          >
            <View>
              <Text
                style={
                  Array [
                    Object {
                      "fontFamily": "HeadingProTreble-Heavy",
                      "fontSize": 32,
                      "fontStyle": "normal",
                      "lineHeight": 38,
                      "textTransform": "uppercase",
                    },
                    Object {
                      "marginBottom": 8,
                      "marginTop": 16,
                    },
                    undefined,
                    undefined,
                    undefined,
                    undefined,
                    undefined,
                  ]
                }
              >
                Login
              </Text>
              <Text
                style={
                  Array [
                    Object {
                      "fontFamily": "HeadingProDouble-Regular",
                      "fontSize": 14,
                      "fontStyle": "normal",
                      "fontWeight": "500",
                      "letterSpacing": 0.1,
                      "lineHeight": 22,
                    },
                    undefined,
                    undefined,
                    undefined,
                    undefined,
                    undefined,
                    undefined,
                  ]
                }
              >
                Use your Basic-Fit member details to login.
              </Text>
              <Text
                style={
                  Array [
                    Object {
                      "fontFamily": "HeadingProDouble-Regular",
                      "fontSize": 14,
                      "fontStyle": "normal",
                      "fontWeight": "500",
                      "letterSpacing": 0.1,
                      "lineHeight": 22,
                    },
                    undefined,
                    undefined,
                    undefined,
                    undefined,
                    undefined,
                    undefined,
                  ]
                }
              >
                And remember to go for it!
              </Text>
              <View
                style={
                  Object {
                    "marginBottom": 10,
                    "marginTop": 24,
                  }
                }
              >
                <TextInput
                  allowFontScaling={true}
                  onChangeText={[Function]}
                  placeholder="Username"
                  placeholderTextColor="#31313688"
                  rejectResponderTermination={true}
                  style={
                    Array [
                      Object {
                        "alignItems": "center",
                        "backgroundColor": "#ECE9E8",
                        "flexDirection": "row",
                        "fontFamily": "HeadingProDouble-Regular",
                        "fontSize": 14,
                        "height": 52,
                        "margin": 1,
                      },
                      Object {
                        "paddingHorizontal": 16,
                      },
                      undefined,
                    ]
                  }
                  testID="Username"
                  underlineColorAndroid="transparent"
                  value=""
                />
                <View
                  style={
                    Object {
                      "alignItems": "center",
                      "backgroundColor": "#ECE9E8",
                      "flexDirection": "row",
                      "fontFamily": "HeadingProDouble-Regular",
                      "fontSize": 14,
                      "height": 52,
                      "margin": 1,
                    }
                  }
                >
                  <TextInput
                    allowFontScaling={true}
                    onChangeText={[Function]}
                    placeholder="Password"
                    placeholderTextColor="#31313688"
                    rejectResponderTermination={true}
                    secureTextEntry={true}
                    style={
                      Array [
                        Object {
                          "flex": 1,
                          "fontFamily": "HeadingProDouble-Regular",
                          "fontSize": 14,
                        },
                        Object {
                          "paddingHorizontal": 16,
                        },
                        undefined,
                      ]
                    }
                    testID="Password"
                    underlineColorAndroid="transparent"
                    value=""
                  />
                  <View
                    accessible={true}
                    focusable={true}
                    onClick={[Function]}
                    onResponderGrant={[Function]}
                    onResponderMove={[Function]}
                    onResponderRelease={[Function]}
                    onResponderTerminate={[Function]}
                    onResponderTerminationRequest={[Function]}
                    onStartShouldSetResponder={[Function]}
                    style={
                      Object {
                        "opacity": 1,
                        "paddingHorizontal": 16,
                      }
                    }
                  >
                    <Text
                      style={
                        Array [
                          Object {
                            "fontFamily": "HeadingProDouble-Regular",
                            "fontSize": 14,
                            "fontStyle": "normal",
                            "fontWeight": "500",
                            "letterSpacing": 0.1,
                            "lineHeight": 22,
                            "textAlign": "right",
                          },
                          undefined,
                          undefined,
                          undefined,
                          undefined,
                          undefined,
                          undefined,
                        ]
                      }
                    >
                      Show
                    </Text>
                  </View>
                </View>
              </View>
              <View
                accessible={true}
                focusable={true}
                onClick={[Function]}
                onResponderGrant={[Function]}
                onResponderMove={[Function]}
                onResponderRelease={[Function]}
                onResponderTerminate={[Function]}
                onResponderTerminationRequest={[Function]}
                onStartShouldSetResponder={[Function]}
                style={
                  Object {
                    "opacity": 1,
                  }
                }
              >
                <Text
                  style={
                    Array [
                      Object {
                        "fontFamily": "HeadingProDouble-Regular",
                        "fontSize": 14,
                        "fontStyle": "normal",
                        "fontWeight": "500",
                        "letterSpacing": 0.1,
                        "lineHeight": 22,
                      },
                      Object {
                        "alignSelf": "flex-end",
                        "marginBottom": 16,
                      },
                      undefined,
                      undefined,
                      undefined,
                      undefined,
                      undefined,
                    ]
                  }
                >
                  Forgot password
                </Text>
              </View>
            </View>
          </View>
        </View>
      </RCTScrollView>
    </View>
  </RCTScrollView>,
  <View
    style={
      Object {
        "paddingBottom": 8,
        "paddingHorizontal": 20,
      }
    }
  >
    <View
      accessible={true}
      focusable={true}
      onClick={[Function]}
      onResponderGrant={[Function]}
      onResponderMove={[Function]}
      onResponderRelease={[Function]}
      onResponderTerminate={[Function]}
      onResponderTerminationRequest={[Function]}
      onStartShouldSetResponder={[Function]}
      style={
        Object {
          "alignItems": "center",
          "backgroundColor": "#7322C9",
          "justifyContent": "center",
          "margin": 0,
          "opacity": 0.5,
          "padding": 8,
        }
      }
      testID="LOGIN"
    >
      <Text
        style={
          Array [
            Object {
              "fontFamily": "HeadingProTreble-Regular",
              "fontSize": 32,
              "fontStyle": "normal",
              "lineHeight": 38,
              "textTransform": "uppercase",
            },
            Array [
              Object {
                "color": "#FFFFFF",
                "fontSize": 16,
              },
              undefined,
            ],
            undefined,
            undefined,
            undefined,
            undefined,
            undefined,
          ]
        }
      >
        LOGIN
      </Text>
    </View>
    <View
      accessible={true}
      focusable={true}
      onClick={[Function]}
      onResponderGrant={[Function]}
      onResponderMove={[Function]}
      onResponderRelease={[Function]}
      onResponderTerminate={[Function]}
      onResponderTerminationRequest={[Function]}
      onStartShouldSetResponder={[Function]}
      style={
        Object {
          "alignItems": "center",
          "backgroundColor": "#FFFFFF",
          "justifyContent": "center",
          "margin": 0,
          "opacity": 1,
          "padding": 8,
        }
      }
      testID="SIGN UP"
    >
      <Text
        style={
          Array [
            Object {
              "fontFamily": "HeadingProTreble-Regular",
              "fontSize": 32,
              "fontStyle": "normal",
              "lineHeight": 38,
              "textTransform": "uppercase",
            },
            Array [
              Object {
                "color": "#FFFFFF",
                "fontSize": 16,
              },
              Object {
                "color": "#313136",
              },
            ],
            undefined,
            undefined,
            undefined,
            undefined,
            undefined,
          ]
        }
      >
        SIGN UP
      </Text>
    </View>
  </View>,
]
`;
