// Jest Snapshot v1, https://goo.gl/fbAQLP

exports[`SignUp tests should render just fine 1`] = `
Array [
  <RCTScrollView
    contentContainerStyle={
      Object {
        "backgroundColor": "#fff",
        "padding": 20,
      }
    }
    onScroll={[Function]}
    scrollEventThrottle={16}
    style={
      Object {
        "flex": 1,
        "width": "100%",
      }
    }
    testID="SignUp"
  >
    <View>
      <Text
        style={
          Array [
            Object {
              "fontFamily": "HeadingProTreble-Heavy",
              "fontSize": 32,
              "fontStyle": "normal",
              "lineHeight": 38,
              "textTransform": "uppercase",
            },
            undefined,
            undefined,
            undefined,
            undefined,
            undefined,
            undefined,
          ]
        }
      >
        Sign Up
      </Text>
      <View
        style={
          Object {
            "height": 20,
            "width": 0,
          }
        }
      />
      <Text
        style={
          Array [
            Object {
              "fontFamily": "HeadingProDouble-Regular",
              "fontSize": 14,
              "fontStyle": "normal",
              "fontWeight": "500",
              "letterSpacing": 0.1,
              "lineHeight": 22,
            },
            undefined,
            undefined,
            undefined,
            undefined,
            undefined,
            undefined,
          ]
        }
      >
        Become a Basic-Fit member! In all our clubs (800+) you can find the newest equipment and the free Basic-Fit app gives you endless exercises, training schedules and virtual classes. Choose the membership that suits you the most and add Extra's to make it 100% fit your needs.
      </Text>
      <View
        style={
          Object {
            "height": 24,
            "width": 0,
          }
        }
      />
      <View
        style={
          Array [
            Object {
              "flexDirection": "row",
            },
            Object {
              "marginBottom": 8,
            },
            undefined,
          ]
        }
      >
        <View
          style={
            Array [
              Object {
                "overflow": "hidden",
              },
              Object {
                "height": 80,
                "width": 80,
              },
            ]
          }
        >
          <FastImageView
            resizeMode="cover"
            source={null}
            style={
              Object {
                "bottom": 0,
                "left": 0,
                "position": "absolute",
                "right": 0,
                "top": 0,
              }
            }
          />
        </View>
        <View
          style={
            Array [
              Object {
                "alignSelf": "center",
              },
              Object {
                "marginLeft": 24,
              },
            ]
          }
        >
          <Text
            style={
              Array [
                Object {
                  "fontFamily": "HeadingProDouble-Regular",
                  "fontSize": 16,
                  "fontStyle": "normal",
                  "fontWeight": "500",
                  "letterSpacing": 0.1,
                  "lineHeight": 22,
                },
                undefined,
                undefined,
                undefined,
                undefined,
                undefined,
                undefined,
              ]
            }
          >
            Select a home club
          </Text>
        </View>
      </View>
      <View
        style={
          Array [
            Object {
              "flexDirection": "row",
            },
            Object {
              "marginBottom": 8,
            },
            undefined,
          ]
        }
      >
        <View
          style={
            Array [
              Object {
                "overflow": "hidden",
              },
              Object {
                "height": 80,
                "width": 80,
              },
            ]
          }
        >
          <FastImageView
            resizeMode="cover"
            source={null}
            style={
              Object {
                "bottom": 0,
                "left": 0,
                "position": "absolute",
                "right": 0,
                "top": 0,
              }
            }
          />
        </View>
        <View
          style={
            Array [
              Object {
                "alignSelf": "center",
              },
              Object {
                "marginLeft": 24,
              },
            ]
          }
        >
          <Text
            style={
              Array [
                Object {
                  "fontFamily": "HeadingProDouble-Regular",
                  "fontSize": 16,
                  "fontStyle": "normal",
                  "fontWeight": "500",
                  "letterSpacing": 0.1,
                  "lineHeight": 22,
                },
                undefined,
                undefined,
                undefined,
                undefined,
                undefined,
                undefined,
              ]
            }
          >
            Choose a membership
          </Text>
        </View>
      </View>
      <View
        style={
          Array [
            Object {
              "flexDirection": "row",
            },
            Object {
              "marginBottom": 8,
            },
            undefined,
          ]
        }
      >
        <View
          style={
            Array [
              Object {
                "overflow": "hidden",
              },
              Object {
                "height": 80,
                "width": 80,
              },
            ]
          }
        >
          <FastImageView
            resizeMode="cover"
            source={null}
            style={
              Object {
                "bottom": 0,
                "left": 0,
                "position": "absolute",
                "right": 0,
                "top": 0,
              }
            }
          />
        </View>
        <View
          style={
            Array [
              Object {
                "alignSelf": "center",
              },
              Object {
                "marginLeft": 24,
              },
            ]
          }
        >
          <Text
            style={
              Array [
                Object {
                  "fontFamily": "HeadingProDouble-Regular",
                  "fontSize": 16,
                  "fontStyle": "normal",
                  "fontWeight": "500",
                  "letterSpacing": 0.1,
                  "lineHeight": 22,
                },
                undefined,
                undefined,
                undefined,
                undefined,
                undefined,
                undefined,
              ]
            }
          >
            Add Extraâ€™s
          </Text>
        </View>
      </View>
    </View>
  </RCTScrollView>,
  <View
    accessible={true}
    focusable={true}
    onClick={[Function]}
    onResponderGrant={[Function]}
    onResponderMove={[Function]}
    onResponderRelease={[Function]}
    onResponderTerminate={[Function]}
    onResponderTerminationRequest={[Function]}
    onStartShouldSetResponder={[Function]}
    style={
      Object {
        "alignItems": "center",
        "backgroundColor": "#7322C9",
        "justifyContent": "center",
        "margin": 20,
        "marginTop": 0,
        "opacity": 1,
        "padding": 8,
      }
    }
    testID="SIGN UP"
  >
    <Text
      style={
        Array [
          Object {
            "fontFamily": "HeadingProTreble-Regular",
            "fontSize": 32,
            "fontStyle": "normal",
            "lineHeight": 38,
            "textTransform": "uppercase",
          },
          Array [
            Object {
              "color": "#FFFFFF",
              "fontSize": 16,
            },
            undefined,
          ],
          undefined,
          undefined,
          undefined,
          undefined,
          undefined,
        ]
      }
    >
      SIGN UP
    </Text>
  </View>,
]
`;
