// Jest Snapshot v1, https://goo.gl/fbAQLP

exports[`SlashedCard snapshot 1`] = `
<View
  style={
    Array [
      Object {
        "backgroundColor": "#FFFFFF",
        "borderRadius": 2,
        "elevation": 1,
        "maxHeight": 300,
        "shadowColor": "rgba(0,0,0,0.16)",
        "shadowOffset": Object {
          "height": 4,
          "width": 4,
        },
        "shadowOpacity": 0.1,
        "shadowRadius": 1,
        "width": "100%",
      },
      Object {},
    ]
  }
>
  <View
    accessible={true}
    focusable={true}
    onClick={[Function]}
    onResponderGrant={[Function]}
    onResponderMove={[Function]}
    onResponderRelease={[Function]}
    onResponderTerminate={[Function]}
    onResponderTerminationRequest={[Function]}
    onStartShouldSetResponder={[Function]}
    style={
      Object {
        "height": "85%",
        "justifyContent": "space-between",
        "opacity": 1,
      }
    }
  >
    <View
      style={
        Array [
          Object {
            "overflow": "hidden",
          },
          Array [
            Object {
              "borderTopLeftRadius": 2,
              "borderTopRightRadius": 2,
              "justifyContent": "flex-end",
              "marginBottom": -1,
              "overflow": "hidden",
              "width": "100%",
            },
            Object {
              "height": "60%",
            },
            Object {
              "borderBottomColor": "#FFFFFF",
              "justifyContent": "space-between",
            },
          ],
        ]
      }
    >
      <FastImageView
        resizeMode="cover"
        source={null}
        style={
          Object {
            "bottom": 0,
            "left": 0,
            "position": "absolute",
            "right": 0,
            "top": 0,
          }
        }
      />
      <View />
      <View
        style={
          Object {
            "borderBottomColor": "#FFFFFF",
            "borderBottomWidth": 25,
            "borderLeftColor": "transparent",
            "borderLeftWidth": 400,
            "borderStyle": "solid",
            "top": 0,
          }
        }
      />
    </View>
    <View
      style={
        Object {
          "paddingHorizontal": 16,
          "paddingTop": 6,
        }
      }
    >
      <Text>
        Card content
      </Text>
    </View>
  </View>
</View>
`;
